{
  "CiWorkflowName": "build",
  "CiWorkflowNumber": "1"
}