{
  "CiWorkflowName": "notify",
  "CiWorkflowNumber": "2"
}