{
  "CiCommitSha": "9c764dd487bce596c5c0402478fabde5f0344984",
  "CiCommitRef": "refs/heads/dev",
  "CiCommitRefSpec": "",
  "CiCommitUrl": "https://gitea.domain.com/sinlov/woodpecker-tools/commit/9c764dd487bce596c5c0402478fabde5f0344983",
  "CiCommitBranch": "dev",
  "CiCommitSourceBranch": "",
  "CiCommitTargetBranch": "",
  "CiCommitTag": "",
  "CiCommitPullRequest": "",
  "CiCommitPullRequestLabels": "",
  "CiCommitMessage": "test: use source to load env vars at before step",
  "CiCommitAuthor": "sinlov",
  "CiCommitAuthorEmail": "",
  "CiCommitAuthorAvatar": "foo",
  "CiCommitPreRelease": true
}