{
  "CiSystemName": "self-system",
  "CiSystemUrl": "https://self-system.domain.com",
  "CiSystemHost": "self-system.domain.com",
  "CiSystemVersion": "v1.0.0"
}