{
  "CiStepName": "checkout",
  "CiStepNumber": "0",
  "CiStepStatus": "",
  "CiStepStarted": 1705658156,
  "CiStepStartedT": "2024-01-19-09-55-56",
  "CiStepFinished": 0,
  "CiStepFinishedT": "",
  "CiStepNowTime": 1705658166,
  "CiStepNowTimeT": "2024-01-19-09-56-06",
  "CiStepDurationHuman": "10s",
  "CiStepUrl": "https://woodpecker.domain.com/repos/2/pipeline/10"
}