{
  "CiForgeType": "gitea",
  "CiForgeUrl": "https://gitea.domain.com"
}