{
  "CiForgeType": "github",
  "CiForgeUrl": "https://github.com"
}