{
  "CiPipelineFiles": "[\".woodpecker/.ci.yml\"]",
  "CiPipelineNumber": "1",
  "CiPipelineParent": "0",
  "CiPipelineEvent": "push",
  "CiPipelineUrl": "https://woodpecker.domain.com/repos/2/pipeline/1",
  "CiPipelineForgeUrl": "https://gitea.domain.com/woodpecker-kit/guidance-woodpecker-agent/commit/9c764dd487bce596c5c0402478fabde5f0345983",
  "CiPipelineDeployTarget": "",
  "CiPipelineStatus": "success",
  "CiPipelineCreated": 1705638141,
  "CiPipelineStarted": 1705638156,
  "CiPipelineFinished": 1705458166
}