{
  "BasicInfo": {
    "CI": "woodpecker",
    "CIWorkspace": ""
  },
  "CiSystemInfo": {
    "WoodpeckerBackend": "docker",
    "WoodpeckerAgentHostName": "",
    "WoodpeckerFilterLabels": null,
    "CiMachine": "worker",
    "CiSystemPlatform": "linux/amd64",
    "CiSystemName": "woodpecker",
    "CiSystemUrl": "https://woodpecker.domain.com",
    "CiSystemHost": "woodpecker.domain.com",
    "CiSystemVersion": "2.3.0"
  },
  "CiForgeInfo": {
    "CiForgeType": "gitea",
    "CiForgeUrl": "https://gitea.domain.com"
  },
  "RepositoryInfo": {
    "CIRepo": "woodpecker-kit/guidance-woodpecker-agent",
    "CIRepoOwner": "woodpecker-kit",
    "CIRepoName": "guidance-woodpecker-agent",
    "CIRepoRemoteID": "151",
    "CIRepoScm": "git",
    "CIRepoURL": "https://gitea.domain.com/woodpecker-kit/guidance-woodpecker-agent",
    "CIRepoCloneURL": "https://gitea.domain.com/woodpecker-kit/guidance-woodpecker-agent.git",
    "CIRepoCloneSshUrl": "git@gitea.domain.com:woodpecker-kit/guidance-woodpecker-agent.git",
    "CIRepoDefaultBranch": "main",
    "CIRepoPrivate": true,
    "CIRepoTrusted": false,
    "CiRepoHost": "gitea.domain.com",
    "CiRepoHostname": "gitea.domain.com",
    "CiRepoPort": ""
  },
  "CurrentInfo": {
    "CurrentCommitInfo": {
      "CiCommitSha": "87366f44f57be21a42468dbb8bbca32cc695324b",
      "CiCommitRef": "refs/heads/feature",
      "CiCommitRefSpec": "",
      "CiCommitUrl": "https://gitea.domain.com/woodpecker-kit/guidance-woodpecker-agent/commit/87366f44f57be21a42468dbb8bbca32cc695324b",
      "CiCommitBranch": "feature",
      "CiCommitSourceBranch": "",
      "CiCommitTargetBranch": "",
      "CiCommitTag": "",
      "CiCommitPullRequest": "",
      "CiCommitPullRequestLabels": "",
      "CiCommitMessage": "push: new commit",
      "CiCommitAuthor": "sinlov",
      "CiCommitAuthorEmail": "sinlov@noreply.localhost",
      "CiCommitAuthorAvatar": "",
      "CiCommitPreRelease": false
    },
    "CurrentPipelineInfo": {
      "CiPipelineFiles": "[\".woodpecker/.build.yml\"]",
      "CiPipelineNumber": "10",
      "CiPipelineParent": "0",
      "CiPipelineEvent": "push",
      "CiPipelineUrl": "https://woodpecker.domain.com/repos/2/pipeline/10",
      "CiPipelineForgeUrl": "https://gitea.domain.com/woodpecker-kit/guidance-woodpecker-agent/commit/87366f44f57be21a42468dbb8bbca32cc695324b",
      "CiPipelineDeployTarget": "",
      "CiPipelineStatus": "success",
      "CiPipelineCreated": 1705658141,
      "CiPipelineCreatedT": "2024-01-19-09-55-41",
      "CiPipelineStarted": 1705658156,
      "CiPipelineStartedT": "2024-01-19-09-55-56",
      "CiPipelineFinished": 1705658166,
      "CiPipelineFinishedT": "2024-01-19-09-56-06",
      "CiPipelineDurationHuman": "25s"
    },
    "CurrentWorkflowInfo": {
      "CiWorkflowName": "build",
      "CiWorkflowNumber": "1"
    },
    "CurrentStepInfo": {
      "CiStepName": "checkout",
      "CiStepNumber": "0",
      "CiStepStatus": "success",
      "CiStepStarted": 1705658156,
      "CiStepStartedT": "2024-01-19-09-55-56",
      "CiStepFinished": 1705658166,
      "CiStepFinishedT": "2024-01-19-09-56-06",
      "CiStepDurationHuman": "10s",
      "CiStepUrl": "https://woodpecker.domain.com/repos/2/pipeline/10"
    }
  },
  "PreviousInfo": {
    "PreviousCommitInfo": {
      "CiPreviousCommitSha": "b2542f37e23645b2032fcf9f180e6940ef6915ac",
      "CiPreviousCommitRef": "refs/heads/main",
      "CiPreviousCommitRefSpec": "",
      "CiPreviousCommitBranch": "main",
      "CiPreviousCommitSourceBranch": "",
      "CiPreviousCommitTargetBranch": "",
      "CiPreviousCommitUrl": "https://gitea.domain.com/woodpecker-kit/guidance-woodpecker-agent/commit/b2542f37e23645b2032fcf9f180e6940ef6915ac",
      "CiPreviousCommitMessage": "test: try send env between steps",
      "CiPreviousCommitAuthor": "sinlov",
      "CiPreviousCommitAuthorEmail": "sinlov@noreply.localhost",
      "CiPreviousCommitAuthorAvatar": ""
    },
    "PreviousPipelineInfo": {
      "CiPreviousPipelineNumber": "9",
      "CiPreviousPipelineParent": "",
      "CiPreviousPipelineEvent": "push",
      "CiPreviousPipelineUrl": "https://woodpecker.domain.com/repos/2/pipeline/9",
      "CiPreviousPipelineForgeUrl": "https://gitea.domain.com/woodpecker-kit/guidance-woodpecker-agent/commit/b2542f37e23645b2032fcf9f180e6940ef6915ac",
      "CiPreviousPipelineDeployTarget": "",
      "CiPreviousPipelineStatus": "success",
      "CiPreviousPipelineCreated": 1705657931,
      "CiPreviousPipelineCreatedT": "2024-01-19-09-52-11",
      "CiPreviousPipelineStarted": 1705657942,
      "CiPreviousPipelineStartedT": "2024-01-19-09-52-22",
      "CiPreviousPipelineFinished": 1705657957,
      "CiPreviousPipelineFinishedT": "2024-01-19-09-52-37",
      "CiPreviousPipelineDurationHuman": "26s"
    }
  }
}